[2026-09-04 13:43:23Z INFO HostContext] No proxy settings were found based on environmental variables (http_proxy/https_proxy/HTTP_PROXY/HTTPS_PROXY)
[2026-09-04 13:43:23Z INFO HostContext] Well known directory 'Bin': 'D:\Urge_PC\Documents\My_Doc\Docker-and-Kubernet-Learning\CI-CD-project\actions-runner\bin'
[2026-09-04 13:43:23Z INFO HostContext] Well known directory 'Root': 'D:\Urge_PC\Documents\My_Doc\Docker-and-Kubernet-Learning\CI-CD-project\actions-runner'
[2026-09-04 13:43:23Z INFO HostContext] Well known config file 'Credentials': 'D:\Urge_PC\Documents\My_Doc\Docker-and-Kubernet-Learning\CI-CD-project\actions-runner\.credentials'
[2026-09-04 13:43:23Z INFO HostContext] Well known directory 'Bin': 'D:\Urge_PC\Documents\My_Doc\Docker-and-Kubernet-Learning\CI-CD-project\actions-runner\bin'
[2026-09-04 13:43:23Z INFO HostContext] Well known directory 'Root': 'D:\Urge_PC\Documents\My_Doc\Docker-and-Kubernet-Learning\CI-CD-project\actions-runner'
[2026-09-04 13:43:23Z INFO HostContext] Well known config file 'Runner': 'D:\Urge_PC\Documents\My_Doc\Docker-and-Kubernet-Learning\CI-CD-project\actions-runner\.runner'
[2026-09-04 13:43:23Z INFO Listener] Runner is built for Windows (X64) - win-x64.
[2026-09-04 13:43:23Z INFO Listener] RuntimeInformation: Microsoft Windows 10.0.21996.
[2026-09-04 13:43:23Z INFO Listener] Version: 2.337.0
[2026-09-04 13:43:23Z INFO Listener] Commit: 397b032cbf865e9c3ddfab89d533ec19325e1273
[2026-09-04 13:43:23Z INFO Listener] Culture: en-US
[2026-09-04 13:43:23Z INFO Listener] UI Culture: en-US
[2026-09-04 13:43:23Z INFO HostContext] Well known directory 'Bin': 'D:\Urge_PC\Documents\My_Doc\Docker-and-Kubernet-Learning\CI-CD-project\actions-runner\bin'
[2026-09-04 13:43:23Z INFO HostContext] Well known directory 'Root': 'D:\Urge_PC\Documents\My_Doc\Docker-and-Kubernet-Learning\CI-CD-project\actions-runner'
[2026-09-04 13:43:23Z INFO Listener] Validating directory permissions for: 'D:\Urge_PC\Documents\My_Doc\Docker-and-Kubernet-Learning\CI-CD-project\actions-runner'
[2026-09-04 13:43:23Z INFO CommandLineParser] Parse
[2026-09-04 13:43:23Z INFO CommandLineParser] Parsing 3 args
[2026-09-04 13:43:23Z INFO CommandLineParser] parsing argument
[2026-09-04 13:43:23Z INFO CommandLineParser] HasArgs: False
[2026-09-04 13:43:23Z INFO CommandLineParser] Adding Command: remove
[2026-09-04 13:43:23Z INFO CommandLineParser] parsing argument
[2026-09-04 13:43:23Z INFO CommandLineParser] HasArgs: True
[2026-09-04 13:43:23Z INFO CommandLineParser] arg: token
[2026-09-04 13:43:23Z INFO CommandLineParser] parsing argument
[2026-09-04 13:43:23Z INFO CommandLineParser] HasArgs: True
[2026-09-04 13:43:23Z INFO CommandLineParser] Adding option 'token': '***'
[2026-09-04 13:43:23Z INFO Listener] Arguments parsed
[2026-09-04 13:43:23Z INFO Runner] ExecuteCommand
[2026-09-04 13:43:23Z INFO ConfigurationStore] currentAssemblyLocation: D:\Urge_PC\Documents\My_Doc\Docker-and-Kubernet-Learning\CI-CD-project\actions-runner\bin\Runner.Listener.dll
[2026-09-04 13:43:23Z INFO HostContext] Well known directory 'Bin': 'D:\Urge_PC\Documents\My_Doc\Docker-and-Kubernet-Learning\CI-CD-project\actions-runner\bin'
[2026-09-04 13:43:23Z INFO ConfigurationStore] binPath: D:\Urge_PC\Documents\My_Doc\Docker-and-Kubernet-Learning\CI-CD-project\actions-runner\bin
[2026-09-04 13:43:23Z INFO HostContext] Well known directory 'Bin': 'D:\Urge_PC\Documents\My_Doc\Docker-and-Kubernet-Learning\CI-CD-project\actions-runner\bin'
[2026-09-04 13:43:23Z INFO HostContext] Well known directory 'Root': 'D:\Urge_PC\Documents\My_Doc\Docker-and-Kubernet-Learning\CI-CD-project\actions-runner'
[2026-09-04 13:43:23Z INFO ConfigurationStore] RootFolder: D:\Urge_PC\Documents\My_Doc\Docker-and-Kubernet-Learning\CI-CD-project\actions-runner
[2026-09-04 13:43:23Z INFO HostContext] Well known directory 'Bin': 'D:\Urge_PC\Documents\My_Doc\Docker-and-Kubernet-Learning\CI-CD-project\actions-runner\bin'
[2026-09-04 13:43:23Z INFO HostContext] Well known directory 'Root': 'D:\Urge_PC\Documents\My_Doc\Docker-and-Kubernet-Learning\CI-CD-project\actions-runner'
[2026-09-04 13:43:23Z INFO HostContext] Well known config file 'Runner': 'D:\Urge_PC\Documents\My_Doc\Docker-and-Kubernet-Learning\CI-CD-project\actions-runner\.runner'
[2026-09-04 13:43:23Z INFO ConfigurationStore] ConfigFilePath: D:\Urge_PC\Documents\My_Doc\Docker-and-Kubernet-Learning\CI-CD-project\actions-runner\.runner
[2026-09-04 13:43:23Z INFO HostContext] Well known directory 'Bin': 'D:\Urge_PC\Documents\My_Doc\Docker-and-Kubernet-Learning\CI-CD-project\actions-runner\bin'
[2026-09-04 13:43:23Z INFO HostContext] Well known directory 'Root': 'D:\Urge_PC\Documents\My_Doc\Docker-and-Kubernet-Learning\CI-CD-project\actions-runner'
[2026-09-04 13:43:23Z INFO HostContext] Well known config file 'MigratedRunner': 'D:\Urge_PC\Documents\My_Doc\Docker-and-Kubernet-Learning\CI-CD-project\actions-runner\.runner_migrated'
[2026-09-04 13:43:23Z INFO ConfigurationStore] MigratedConfigFilePath: D:\Urge_PC\Documents\My_Doc\Docker-and-Kubernet-Learning\CI-CD-project\actions-runner\.runner_migrated
[2026-09-04 13:43:23Z INFO HostContext] Well known directory 'Bin': 'D:\Urge_PC\Documents\My_Doc\Docker-and-Kubernet-Learning\CI-CD-project\actions-runner\bin'
[2026-09-04 13:43:23Z INFO HostContext] Well known directory 'Root': 'D:\Urge_PC\Documents\My_Doc\Docker-and-Kubernet-Learning\CI-CD-project\actions-runner'
[2026-09-04 13:43:23Z INFO HostContext] Well known config file 'Credentials': 'D:\Urge_PC\Documents\My_Doc\Docker-and-Kubernet-Learning\CI-CD-project\actions-runner\.credentials'
[2026-09-04 13:43:23Z INFO ConfigurationStore] CredFilePath: D:\Urge_PC\Documents\My_Doc\Docker-and-Kubernet-Learning\CI-CD-project\actions-runner\.credentials
[2026-09-04 13:43:23Z INFO HostContext] Well known directory 'Bin': 'D:\Urge_PC\Documents\My_Doc\Docker-and-Kubernet-Learning\CI-CD-project\actions-runner\bin'
[2026-09-04 13:43:23Z INFO HostContext] Well known directory 'Root': 'D:\Urge_PC\Documents\My_Doc\Docker-and-Kubernet-Learning\CI-CD-project\actions-runner'
[2026-09-04 13:43:23Z INFO HostContext] Well known config file 'MigratedCredentials': 'D:\Urge_PC\Documents\My_Doc\Docker-and-Kubernet-Learning\CI-CD-project\actions-runner\.credentials_migrated'
[2026-09-04 13:43:23Z INFO ConfigurationStore] MigratedCredFilePath: D:\Urge_PC\Documents\My_Doc\Docker-and-Kubernet-Learning\CI-CD-project\actions-runner\.credentials_migrated
[2026-09-04 13:43:23Z INFO HostContext] Well known directory 'Bin': 'D:\Urge_PC\Documents\My_Doc\Docker-and-Kubernet-Learning\CI-CD-project\actions-runner\bin'
[2026-09-04 13:43:23Z INFO HostContext] Well known directory 'Root': 'D:\Urge_PC\Documents\My_Doc\Docker-and-Kubernet-Learning\CI-CD-project\actions-runner'
[2026-09-04 13:43:23Z INFO HostContext] Well known config file 'Service': 'D:\Urge_PC\Documents\My_Doc\Docker-and-Kubernet-Learning\CI-CD-project\actions-runner\.service'
[2026-09-04 13:43:23Z INFO ConfigurationStore] ServiceConfigFilePath: D:\Urge_PC\Documents\My_Doc\Docker-and-Kubernet-Learning\CI-CD-project\actions-runner\.service
[2026-09-04 13:43:23Z INFO CommandSettings] Flag 'help': 'False'
[2026-09-04 13:43:23Z INFO CommandSettings] Flag 'version': 'False'
[2026-09-04 13:43:23Z INFO CommandSettings] Flag 'commit': 'False'
[2026-09-04 13:43:23Z INFO CommandSettings] Flag 'check': 'False'
[2026-09-04 13:43:23Z INFO CommandSettings] Command 'configure': 'False'
[2026-09-04 13:43:23Z INFO CommandSettings] Command 'remove': 'True'
[2026-09-04 13:43:23Z INFO CommandSettings] Flag 'local': 'False'
[2026-09-04 13:43:23Z INFO ConfigurationStore] IsServiceConfigured()
[2026-09-04 13:43:23Z INFO ConfigurationStore] IsServiceConfigured: False
[2026-09-04 13:43:23Z INFO ConfigurationStore] IsConfigured()
[2026-09-04 13:43:23Z INFO ConfigurationStore] IsConfigured: True
[2026-09-04 13:43:23Z INFO ConfigurationStore] HasCredentials()
[2026-09-04 13:43:23Z INFO ConfigurationStore] stored True
[2026-09-04 13:43:23Z INFO ConfigurationStore] Read setting file: 397 chars
[2026-09-04 13:43:23Z INFO CommandSettings] Arg 'token': '***'
[2026-09-04 13:43:23Z INFO CommandSettings] Remove token from Arg dictionary.
[2026-09-04 13:43:24Z INFO ConfigurationManager] Http response code: OK from 'POST https://api.github.com/actions/runner-registration' (6B58:3DBE0A:153EBEF:147FE0D:6A9ACB13)
[2026-09-04 13:43:24Z INFO ConfigurationManager] cred retrieved via GitHub auth
[2026-09-04 13:43:24Z INFO RunnerServer] EstablishVssConnection
[2026-09-04 13:43:24Z INFO RunnerServer] Establish connection with 100 seconds timeout.
[2026-09-04 13:43:24Z INFO GitHubActionsService] Starting operation Location.GetConnectionData
[2026-09-04 13:43:24Z INFO RunnerServer] EstablishVssConnection
[2026-09-04 13:43:24Z INFO RunnerServer] Establish connection with 60 seconds timeout.
[2026-09-04 13:43:24Z INFO GitHubActionsService] Starting operation Location.GetConnectionData
[2026-09-04 13:43:24Z INFO RunnerServer] EstablishVssConnection
[2026-09-04 13:43:24Z INFO RunnerServer] Establish connection with 60 seconds timeout.
[2026-09-04 13:43:24Z INFO GitHubActionsService] Starting operation Location.GetConnectionData
[2026-09-04 13:43:25Z INFO GitHubActionsService] Finished operation Location.GetConnectionData
[2026-09-04 13:43:25Z INFO GitHubActionsService] Finished operation Location.GetConnectionData
[2026-09-04 13:43:25Z INFO GitHubActionsService] Finished operation Location.GetConnectionData
[2026-09-04 13:43:25Z INFO Terminal] WRITE LINE: Does not exist. Skipping Removing runner from the server
[2026-09-04 13:43:25Z INFO Terminal] WRITE LINE: 
[2026-09-04 13:43:25Z INFO ConfigurationStore] IsConfigured()
[2026-09-04 13:43:25Z INFO ConfigurationStore] IsConfigured: True
[2026-09-04 13:43:25Z INFO ConfigurationStore] HasCredentials()
[2026-09-04 13:43:25Z INFO ConfigurationStore] stored True
[2026-09-04 13:43:25Z INFO HostContext] Well known directory 'Bin': 'D:\Urge_PC\Documents\My_Doc\Docker-and-Kubernet-Learning\CI-CD-project\actions-runner\bin'
[2026-09-04 13:43:25Z INFO HostContext] Well known directory 'Root': 'D:\Urge_PC\Documents\My_Doc\Docker-and-Kubernet-Learning\CI-CD-project\actions-runner'
[2026-09-04 13:43:25Z INFO HostContext] Well known config file 'RSACredentials': 'D:\Urge_PC\Documents\My_Doc\Docker-and-Kubernet-Learning\CI-CD-project\actions-runner\.credentials_rsaparams'
[2026-09-04 13:43:25Z INFO RSAEncryptedFileKeyManager] Deleting RSA key parameters file D:\Urge_PC\Documents\My_Doc\Docker-and-Kubernet-Learning\CI-CD-project\actions-runner\.credentials_rsaparams
[2026-09-04 13:43:25Z INFO Terminal] WRITE LINE: 
[2026-09-04 13:43:25Z INFO Listener] Runner execution has finished with return code 0
