[2026-09-04 13:19:03Z INFO HostContext] No proxy settings were found based on environmental variables (http_proxy/https_proxy/HTTP_PROXY/HTTPS_PROXY)
[2026-09-04 13:19:03Z INFO HostContext] Well known directory 'Bin': 'D:\Urge_PC\Documents\My_Doc\Docker-and-Kubernet-Learning\CI-CD-project\actions-runner\bin'
[2026-09-04 13:19:03Z INFO HostContext] Well known directory 'Root': 'D:\Urge_PC\Documents\My_Doc\Docker-and-Kubernet-Learning\CI-CD-project\actions-runner'
[2026-09-04 13:19:03Z INFO HostContext] Well known config file 'Credentials': 'D:\Urge_PC\Documents\My_Doc\Docker-and-Kubernet-Learning\CI-CD-project\actions-runner\.credentials'
[2026-09-04 13:19:03Z INFO HostContext] Well known directory 'Bin': 'D:\Urge_PC\Documents\My_Doc\Docker-and-Kubernet-Learning\CI-CD-project\actions-runner\bin'
[2026-09-04 13:19:03Z INFO HostContext] Well known directory 'Root': 'D:\Urge_PC\Documents\My_Doc\Docker-and-Kubernet-Learning\CI-CD-project\actions-runner'
[2026-09-04 13:19:03Z INFO HostContext] Well known config file 'Runner': 'D:\Urge_PC\Documents\My_Doc\Docker-and-Kubernet-Learning\CI-CD-project\actions-runner\.runner'
[2026-09-04 13:19:03Z INFO Listener] Runner is built for Windows (X64) - win-x64.
[2026-09-04 13:19:03Z INFO Listener] RuntimeInformation: Microsoft Windows 10.0.21996.
[2026-09-04 13:19:03Z INFO Listener] Version: 2.337.0
[2026-09-04 13:19:03Z INFO Listener] Commit: 397b032cbf865e9c3ddfab89d533ec19325e1273
[2026-09-04 13:19:03Z INFO Listener] Culture: en-US
[2026-09-04 13:19:03Z INFO Listener] UI Culture: en-US
[2026-09-04 13:19:03Z INFO HostContext] Well known directory 'Bin': 'D:\Urge_PC\Documents\My_Doc\Docker-and-Kubernet-Learning\CI-CD-project\actions-runner\bin'
[2026-09-04 13:19:03Z INFO HostContext] Well known directory 'Root': 'D:\Urge_PC\Documents\My_Doc\Docker-and-Kubernet-Learning\CI-CD-project\actions-runner'
[2026-09-04 13:19:03Z INFO Listener] Validating directory permissions for: 'D:\Urge_PC\Documents\My_Doc\Docker-and-Kubernet-Learning\CI-CD-project\actions-runner'
[2026-09-04 13:19:03Z INFO CommandLineParser] Parse
[2026-09-04 13:19:03Z INFO CommandLineParser] Parsing 5 args
[2026-09-04 13:19:03Z INFO CommandLineParser] parsing argument
[2026-09-04 13:19:03Z INFO CommandLineParser] HasArgs: False
[2026-09-04 13:19:03Z INFO CommandLineParser] Adding Command: configure
[2026-09-04 13:19:03Z INFO CommandLineParser] parsing argument
[2026-09-04 13:19:03Z INFO CommandLineParser] HasArgs: True
[2026-09-04 13:19:03Z INFO CommandLineParser] arg: url
[2026-09-04 13:19:03Z INFO CommandLineParser] parsing argument
[2026-09-04 13:19:03Z INFO CommandLineParser] HasArgs: True
[2026-09-04 13:19:03Z INFO CommandLineParser] Adding option 'url': 'https://github.com/urgew/urge-git-project'
[2026-09-04 13:19:03Z INFO CommandLineParser] parsing argument
[2026-09-04 13:19:03Z INFO CommandLineParser] HasArgs: True
[2026-09-04 13:19:03Z INFO CommandLineParser] arg: token
[2026-09-04 13:19:03Z INFO CommandLineParser] parsing argument
[2026-09-04 13:19:03Z INFO CommandLineParser] HasArgs: True
[2026-09-04 13:19:03Z INFO CommandLineParser] Adding option 'token': '***'
[2026-09-04 13:19:03Z INFO Listener] Arguments parsed
[2026-09-04 13:19:03Z INFO Runner] ExecuteCommand
[2026-09-04 13:19:03Z INFO ConfigurationStore] currentAssemblyLocation: D:\Urge_PC\Documents\My_Doc\Docker-and-Kubernet-Learning\CI-CD-project\actions-runner\bin\Runner.Listener.dll
[2026-09-04 13:19:03Z INFO HostContext] Well known directory 'Bin': 'D:\Urge_PC\Documents\My_Doc\Docker-and-Kubernet-Learning\CI-CD-project\actions-runner\bin'
[2026-09-04 13:19:03Z INFO ConfigurationStore] binPath: D:\Urge_PC\Documents\My_Doc\Docker-and-Kubernet-Learning\CI-CD-project\actions-runner\bin
[2026-09-04 13:19:03Z INFO HostContext] Well known directory 'Bin': 'D:\Urge_PC\Documents\My_Doc\Docker-and-Kubernet-Learning\CI-CD-project\actions-runner\bin'
[2026-09-04 13:19:03Z INFO HostContext] Well known directory 'Root': 'D:\Urge_PC\Documents\My_Doc\Docker-and-Kubernet-Learning\CI-CD-project\actions-runner'
[2026-09-04 13:19:03Z INFO ConfigurationStore] RootFolder: D:\Urge_PC\Documents\My_Doc\Docker-and-Kubernet-Learning\CI-CD-project\actions-runner
[2026-09-04 13:19:03Z INFO HostContext] Well known directory 'Bin': 'D:\Urge_PC\Documents\My_Doc\Docker-and-Kubernet-Learning\CI-CD-project\actions-runner\bin'
[2026-09-04 13:19:03Z INFO HostContext] Well known directory 'Root': 'D:\Urge_PC\Documents\My_Doc\Docker-and-Kubernet-Learning\CI-CD-project\actions-runner'
[2026-09-04 13:19:03Z INFO HostContext] Well known config file 'Runner': 'D:\Urge_PC\Documents\My_Doc\Docker-and-Kubernet-Learning\CI-CD-project\actions-runner\.runner'
[2026-09-04 13:19:03Z INFO ConfigurationStore] ConfigFilePath: D:\Urge_PC\Documents\My_Doc\Docker-and-Kubernet-Learning\CI-CD-project\actions-runner\.runner
[2026-09-04 13:19:03Z INFO HostContext] Well known directory 'Bin': 'D:\Urge_PC\Documents\My_Doc\Docker-and-Kubernet-Learning\CI-CD-project\actions-runner\bin'
[2026-09-04 13:19:03Z INFO HostContext] Well known directory 'Root': 'D:\Urge_PC\Documents\My_Doc\Docker-and-Kubernet-Learning\CI-CD-project\actions-runner'
[2026-09-04 13:19:03Z INFO HostContext] Well known config file 'MigratedRunner': 'D:\Urge_PC\Documents\My_Doc\Docker-and-Kubernet-Learning\CI-CD-project\actions-runner\.runner_migrated'
[2026-09-04 13:19:03Z INFO ConfigurationStore] MigratedConfigFilePath: D:\Urge_PC\Documents\My_Doc\Docker-and-Kubernet-Learning\CI-CD-project\actions-runner\.runner_migrated
[2026-09-04 13:19:03Z INFO HostContext] Well known directory 'Bin': 'D:\Urge_PC\Documents\My_Doc\Docker-and-Kubernet-Learning\CI-CD-project\actions-runner\bin'
[2026-09-04 13:19:03Z INFO HostContext] Well known directory 'Root': 'D:\Urge_PC\Documents\My_Doc\Docker-and-Kubernet-Learning\CI-CD-project\actions-runner'
[2026-09-04 13:19:03Z INFO HostContext] Well known config file 'Credentials': 'D:\Urge_PC\Documents\My_Doc\Docker-and-Kubernet-Learning\CI-CD-project\actions-runner\.credentials'
[2026-09-04 13:19:03Z INFO ConfigurationStore] CredFilePath: D:\Urge_PC\Documents\My_Doc\Docker-and-Kubernet-Learning\CI-CD-project\actions-runner\.credentials
[2026-09-04 13:19:03Z INFO HostContext] Well known directory 'Bin': 'D:\Urge_PC\Documents\My_Doc\Docker-and-Kubernet-Learning\CI-CD-project\actions-runner\bin'
[2026-09-04 13:19:03Z INFO HostContext] Well known directory 'Root': 'D:\Urge_PC\Documents\My_Doc\Docker-and-Kubernet-Learning\CI-CD-project\actions-runner'
[2026-09-04 13:19:03Z INFO HostContext] Well known config file 'MigratedCredentials': 'D:\Urge_PC\Documents\My_Doc\Docker-and-Kubernet-Learning\CI-CD-project\actions-runner\.credentials_migrated'
[2026-09-04 13:19:03Z INFO ConfigurationStore] MigratedCredFilePath: D:\Urge_PC\Documents\My_Doc\Docker-and-Kubernet-Learning\CI-CD-project\actions-runner\.credentials_migrated
[2026-09-04 13:19:03Z INFO HostContext] Well known directory 'Bin': 'D:\Urge_PC\Documents\My_Doc\Docker-and-Kubernet-Learning\CI-CD-project\actions-runner\bin'
[2026-09-04 13:19:03Z INFO HostContext] Well known directory 'Root': 'D:\Urge_PC\Documents\My_Doc\Docker-and-Kubernet-Learning\CI-CD-project\actions-runner'
[2026-09-04 13:19:03Z INFO HostContext] Well known config file 'Service': 'D:\Urge_PC\Documents\My_Doc\Docker-and-Kubernet-Learning\CI-CD-project\actions-runner\.service'
[2026-09-04 13:19:03Z INFO ConfigurationStore] ServiceConfigFilePath: D:\Urge_PC\Documents\My_Doc\Docker-and-Kubernet-Learning\CI-CD-project\actions-runner\.service
[2026-09-04 13:19:03Z INFO CommandSettings] Flag 'help': 'False'
[2026-09-04 13:19:03Z INFO CommandSettings] Flag 'version': 'False'
[2026-09-04 13:19:03Z INFO CommandSettings] Flag 'commit': 'False'
[2026-09-04 13:19:03Z INFO CommandSettings] Flag 'check': 'False'
[2026-09-04 13:19:03Z INFO CommandSettings] Command 'configure': 'True'
[2026-09-04 13:19:03Z INFO Terminal] WRITE LINE: 
[2026-09-04 13:19:03Z INFO Terminal] WRITE LINE: --------------------------------------------------------------------------------
[2026-09-04 13:19:03Z INFO Terminal] WRITE LINE: |        ____ _ _   _   _       _          _        _   _                      |
[2026-09-04 13:19:03Z INFO Terminal] WRITE LINE: |       / ___(_) |_| | | |_   _| |__      / \   ___| |_(_) ___  _ __  ___      |
[2026-09-04 13:19:03Z INFO Terminal] WRITE LINE: |      | |  _| | __| |_| | | | | '_ \    / _ \ / __| __| |/ _ \| '_ \/ __|     |
[2026-09-04 13:19:03Z INFO Terminal] WRITE LINE: |      | |_| | | |_|  _  | |_| | |_) |  / ___ \ (__| |_| | (_) | | | \__ \     |
[2026-09-04 13:19:03Z INFO Terminal] WRITE LINE: |       \____|_|\__|_| |_|\__,_|_.__/  /_/   \_\___|\__|_|\___/|_| |_|___/     |
[2026-09-04 13:19:03Z INFO Terminal] WRITE LINE: |                                                                              |
[2026-09-04 13:19:03Z INFO Terminal] WRITE: |                       
[2026-09-04 13:19:03Z INFO Terminal] WRITE: Self-hosted runner registration
[2026-09-04 13:19:03Z INFO Terminal] WRITE LINE:                         |
[2026-09-04 13:19:03Z INFO Terminal] WRITE LINE: |                                                                              |
[2026-09-04 13:19:03Z INFO Terminal] WRITE LINE: --------------------------------------------------------------------------------
[2026-09-04 13:19:03Z INFO ConfigurationManager] ConfigureAsync
[2026-09-04 13:19:03Z INFO CommandSettings] Flag 'generateServiceConfig': 'False'
[2026-09-04 13:19:03Z INFO ConfigurationStore] IsConfigured()
[2026-09-04 13:19:03Z INFO ConfigurationStore] IsConfigured: False
[2026-09-04 13:19:03Z INFO ConfigurationManager] Is configured: False
[2026-09-04 13:19:03Z INFO CommandSettings] Arg 'url': 'https://github.com/urgew/urge-git-project'
[2026-09-04 13:19:03Z INFO CommandSettings] Remove url from Arg dictionary.
[2026-09-04 13:19:03Z INFO CommandSettings] Arg 'token': '***'
[2026-09-04 13:19:03Z INFO CommandSettings] Remove token from Arg dictionary.
[2026-09-04 13:19:05Z INFO ConfigurationManager] Http response code: OK from 'POST https://api.github.com/actions/runner-registration' (70CE:3DBE0A:10A9000:101496D:6A9AC55F)
[2026-09-04 13:19:05Z INFO ConfigurationManager] Using runner-admin flow: False
[2026-09-04 13:19:05Z INFO ConfigurationManager] cred retrieved via GitHub auth
[2026-09-04 13:19:05Z INFO RunnerServer] EstablishVssConnection
[2026-09-04 13:19:05Z INFO RunnerServer] Establish connection with 100 seconds timeout.
[2026-09-04 13:19:05Z INFO GitHubActionsService] Starting operation Location.GetConnectionData
[2026-09-04 13:19:05Z INFO RunnerServer] EstablishVssConnection
[2026-09-04 13:19:05Z INFO RunnerServer] Establish connection with 60 seconds timeout.
[2026-09-04 13:19:05Z INFO GitHubActionsService] Starting operation Location.GetConnectionData
[2026-09-04 13:19:05Z INFO RunnerServer] EstablishVssConnection
[2026-09-04 13:19:05Z INFO RunnerServer] Establish connection with 60 seconds timeout.
[2026-09-04 13:19:05Z INFO GitHubActionsService] Starting operation Location.GetConnectionData
[2026-09-04 13:19:16Z INFO GitHubActionsService] Finished operation Location.GetConnectionData
[2026-09-04 13:19:16Z INFO GitHubActionsService] Finished operation Location.GetConnectionData
[2026-09-04 13:19:16Z INFO GitHubActionsService] Finished operation Location.GetConnectionData
[2026-09-04 13:19:17Z INFO Terminal] WRITE LINE: 
[2026-09-04 13:19:17Z INFO ConfigurationManager] Test Connection complete.
[2026-09-04 13:19:17Z INFO HostContext] Well known directory 'Bin': 'D:\Urge_PC\Documents\My_Doc\Docker-and-Kubernet-Learning\CI-CD-project\actions-runner\bin'
[2026-09-04 13:19:17Z INFO HostContext] Well known directory 'Root': 'D:\Urge_PC\Documents\My_Doc\Docker-and-Kubernet-Learning\CI-CD-project\actions-runner'
[2026-09-04 13:19:17Z INFO HostContext] Well known config file 'RSACredentials': 'D:\Urge_PC\Documents\My_Doc\Docker-and-Kubernet-Learning\CI-CD-project\actions-runner\.credentials_rsaparams'
[2026-09-04 13:19:17Z INFO RSAEncryptedFileKeyManager] Creating new RSA key using 2048-bit key length
[2026-09-04 13:19:17Z INFO RSAEncryptedFileKeyManager] Successfully saved RSA key parameters to file D:\Urge_PC\Documents\My_Doc\Docker-and-Kubernet-Learning\CI-CD-project\actions-runner\.credentials_rsaparams
[2026-09-04 13:19:17Z INFO CommandSettings] Arg 'runnergroup': ''
[2026-09-04 13:19:17Z INFO CommandSettings] Flag 'unattended': 'False'
[2026-09-04 13:19:17Z INFO PromptManager] ReadValue
[2026-09-04 13:19:17Z INFO Terminal] WRITE: Enter the name of the runner group to add this runner to: 
[2026-09-04 13:19:17Z INFO Terminal] WRITE: [press Enter for Default] 
[2026-09-04 13:19:17Z INFO Terminal] READ LINE
[2026-09-04 13:20:45Z INFO Terminal] Read value: ''
[2026-09-04 13:20:45Z INFO PromptManager] Falling back to the default: 'Default'
[2026-09-04 13:20:45Z INFO Terminal] WRITE LINE: 
[2026-09-04 13:20:45Z INFO ConfigurationManager] Found a self-hosted runner group with id 1 and name Default
[2026-09-04 13:20:45Z INFO CommandSettings] Flag 'disableupdate': 'False'
[2026-09-04 13:20:45Z INFO CommandSettings] Flag 'ephemeral': 'False'
[2026-09-04 13:20:45Z INFO CommandSettings] Arg 'name': ''
[2026-09-04 13:20:45Z INFO CommandSettings] Flag 'unattended': 'False'
[2026-09-04 13:20:45Z INFO PromptManager] ReadValue
[2026-09-04 13:20:45Z INFO Terminal] WRITE: Enter the name of runner: 
[2026-09-04 13:20:45Z INFO Terminal] WRITE: [press Enter for INF-CLP-05] 
[2026-09-04 13:20:45Z INFO Terminal] READ LINE
[2026-09-04 13:21:17Z INFO Terminal] Read value: './run.cmd'
[2026-09-04 13:21:17Z INFO Terminal] WRITE LINE: 
[2026-09-04 13:21:17Z INFO CommandSettings] Arg 'labels': ''
[2026-09-04 13:21:17Z INFO CommandSettings] Flag 'unattended': 'False'
[2026-09-04 13:21:17Z INFO PromptManager] ReadValue
[2026-09-04 13:21:17Z INFO Terminal] WRITE: This runner will have the following labels: 'self-hosted', 'Windows', 'X64' 
Enter any additional labels (ex. label-1,label-2): 
[2026-09-04 13:21:17Z INFO Terminal] WRITE: [press Enter to skip] 
[2026-09-04 13:21:17Z INFO Terminal] READ LINE
[2026-09-04 13:21:20Z INFO Terminal] Read value: ''
[2026-09-04 13:21:20Z INFO Terminal] WRITE LINE: 
[2026-09-04 13:21:21Z ERR  GitHubActionsService] GET request to https://pipelinesghubeus14.actions.githubusercontent.com/MThrQJkAvuDgtDruZ5XzhBZYnowl3dz8XrkQDXrANdgnoPw4u4/_apis/distributedtask/pools/0/agents?agentName=.%2Frun.cmd&includeCapabilities=False failed. HTTP Status: BadRequest
[2026-09-04 13:21:21Z ERR  Runner] GitHub.Services.WebApi.VssServiceResponseException: The runner name './run.cmd' is not valid. A valid runner name is 64 characters or less in length and does not include '"', '/', ':', '<', '>', '\', '|', '*' and '?'. (Parameter 'agentName')
 ---> System.ArgumentException: The runner name './run.cmd' is not valid. A valid runner name is 64 characters or less in length and does not include '"', '/', ':', '<', '>', '\', '|', '*' and '?'. (Parameter 'agentName')
   --- End of inner exception stack trace ---
   at GitHub.Services.WebApi.VssHttpClientBase.HandleResponseAsync(HttpResponseMessage response, CancellationToken cancellationToken)
   at GitHub.Services.WebApi.VssHttpClientBase.SendAsync(HttpRequestMessage message, HttpCompletionOption completionOption, Object userState, CancellationToken cancellationToken)
   at GitHub.Services.WebApi.VssHttpClientBase.SendAsync[T](HttpRequestMessage message, Object userState, CancellationToken cancellationToken)
   at GitHub.Services.WebApi.VssHttpClientBase.SendAsync[T](HttpMethod method, IEnumerable`1 additionalHeaders, Guid locationId, Object routeValues, ApiResourceVersion version, HttpContent content, IEnumerable`1 queryParameters, Object userState, CancellationToken cancellationToken)
   at GitHub.Runner.Listener.Configuration.ConfigurationManager.ConfigureAsync(CommandSettings command)
   at GitHub.Runner.Listener.Runner.ExecuteCommand(CommandSettings command)
[2026-09-04 13:21:21Z ERR  Runner] #####################################################
[2026-09-04 13:21:21Z ERR  Runner] System.ArgumentException: The runner name './run.cmd' is not valid. A valid runner name is 64 characters or less in length and does not include '"', '/', ':', '<', '>', '\', '|', '*' and '?'. (Parameter 'agentName')
[2026-09-04 13:21:21Z ERR  Terminal] WRITE ERROR: The runner name './run.cmd' is not valid. A valid runner name is 64 characters or less in length and does not include '"', '/', ':', '<', '>', '\', '|', '*' and '?'. (Parameter 'agentName')
[2026-09-04 13:21:21Z INFO Listener] Runner execution has finished with return code 1
