[2026-09-04 13:43:29Z INFO HostContext] No proxy settings were found based on environmental variables (http_proxy/https_proxy/HTTP_PROXY/HTTPS_PROXY)
[2026-09-04 13:43:29Z INFO HostContext] Well known directory 'Bin': 'D:\Urge_PC\Documents\My_Doc\Docker-and-Kubernet-Learning\CI-CD-project\actions-runner\bin'
[2026-09-04 13:43:29Z INFO HostContext] Well known directory 'Root': 'D:\Urge_PC\Documents\My_Doc\Docker-and-Kubernet-Learning\CI-CD-project\actions-runner'
[2026-09-04 13:43:29Z INFO HostContext] Well known config file 'Credentials': 'D:\Urge_PC\Documents\My_Doc\Docker-and-Kubernet-Learning\CI-CD-project\actions-runner\.credentials'
[2026-09-04 13:43:29Z INFO HostContext] Well known directory 'Bin': 'D:\Urge_PC\Documents\My_Doc\Docker-and-Kubernet-Learning\CI-CD-project\actions-runner\bin'
[2026-09-04 13:43:29Z INFO HostContext] Well known directory 'Root': 'D:\Urge_PC\Documents\My_Doc\Docker-and-Kubernet-Learning\CI-CD-project\actions-runner'
[2026-09-04 13:43:29Z INFO HostContext] Well known config file 'Runner': 'D:\Urge_PC\Documents\My_Doc\Docker-and-Kubernet-Learning\CI-CD-project\actions-runner\.runner'
[2026-09-04 13:43:29Z INFO Listener] Runner is built for Windows (X64) - win-x64.
[2026-09-04 13:43:29Z INFO Listener] RuntimeInformation: Microsoft Windows 10.0.21996.
[2026-09-04 13:43:29Z INFO Listener] Version: 2.337.0
[2026-09-04 13:43:29Z INFO Listener] Commit: 397b032cbf865e9c3ddfab89d533ec19325e1273
[2026-09-04 13:43:29Z INFO Listener] Culture: en-US
[2026-09-04 13:43:29Z INFO Listener] UI Culture: en-US
[2026-09-04 13:43:29Z INFO HostContext] Well known directory 'Bin': 'D:\Urge_PC\Documents\My_Doc\Docker-and-Kubernet-Learning\CI-CD-project\actions-runner\bin'
[2026-09-04 13:43:29Z INFO HostContext] Well known directory 'Root': 'D:\Urge_PC\Documents\My_Doc\Docker-and-Kubernet-Learning\CI-CD-project\actions-runner'
[2026-09-04 13:43:29Z INFO Listener] Validating directory permissions for: 'D:\Urge_PC\Documents\My_Doc\Docker-and-Kubernet-Learning\CI-CD-project\actions-runner'
[2026-09-04 13:43:29Z INFO CommandLineParser] Parse
[2026-09-04 13:43:29Z INFO CommandLineParser] Parsing 5 args
[2026-09-04 13:43:29Z INFO CommandLineParser] parsing argument
[2026-09-04 13:43:29Z INFO CommandLineParser] HasArgs: False
[2026-09-04 13:43:29Z INFO CommandLineParser] Adding Command: configure
[2026-09-04 13:43:29Z INFO CommandLineParser] parsing argument
[2026-09-04 13:43:29Z INFO CommandLineParser] HasArgs: True
[2026-09-04 13:43:29Z INFO CommandLineParser] arg: url
[2026-09-04 13:43:29Z INFO CommandLineParser] parsing argument
[2026-09-04 13:43:29Z INFO CommandLineParser] HasArgs: True
[2026-09-04 13:43:29Z INFO CommandLineParser] Adding option 'url': 'https://github.com/urgew/urge-git-project'
[2026-09-04 13:43:29Z INFO CommandLineParser] parsing argument
[2026-09-04 13:43:29Z INFO CommandLineParser] HasArgs: True
[2026-09-04 13:43:29Z INFO CommandLineParser] arg: token
[2026-09-04 13:43:29Z INFO CommandLineParser] parsing argument
[2026-09-04 13:43:29Z INFO CommandLineParser] HasArgs: True
[2026-09-04 13:43:29Z INFO CommandLineParser] Adding option 'token': '***'
[2026-09-04 13:43:29Z INFO Listener] Arguments parsed
[2026-09-04 13:43:29Z INFO Runner] ExecuteCommand
[2026-09-04 13:43:29Z INFO ConfigurationStore] currentAssemblyLocation: D:\Urge_PC\Documents\My_Doc\Docker-and-Kubernet-Learning\CI-CD-project\actions-runner\bin\Runner.Listener.dll
[2026-09-04 13:43:29Z INFO HostContext] Well known directory 'Bin': 'D:\Urge_PC\Documents\My_Doc\Docker-and-Kubernet-Learning\CI-CD-project\actions-runner\bin'
[2026-09-04 13:43:29Z INFO ConfigurationStore] binPath: D:\Urge_PC\Documents\My_Doc\Docker-and-Kubernet-Learning\CI-CD-project\actions-runner\bin
[2026-09-04 13:43:29Z INFO HostContext] Well known directory 'Bin': 'D:\Urge_PC\Documents\My_Doc\Docker-and-Kubernet-Learning\CI-CD-project\actions-runner\bin'
[2026-09-04 13:43:29Z INFO HostContext] Well known directory 'Root': 'D:\Urge_PC\Documents\My_Doc\Docker-and-Kubernet-Learning\CI-CD-project\actions-runner'
[2026-09-04 13:43:29Z INFO ConfigurationStore] RootFolder: D:\Urge_PC\Documents\My_Doc\Docker-and-Kubernet-Learning\CI-CD-project\actions-runner
[2026-09-04 13:43:29Z INFO HostContext] Well known directory 'Bin': 'D:\Urge_PC\Documents\My_Doc\Docker-and-Kubernet-Learning\CI-CD-project\actions-runner\bin'
[2026-09-04 13:43:29Z INFO HostContext] Well known directory 'Root': 'D:\Urge_PC\Documents\My_Doc\Docker-and-Kubernet-Learning\CI-CD-project\actions-runner'
[2026-09-04 13:43:29Z INFO HostContext] Well known config file 'Runner': 'D:\Urge_PC\Documents\My_Doc\Docker-and-Kubernet-Learning\CI-CD-project\actions-runner\.runner'
[2026-09-04 13:43:29Z INFO ConfigurationStore] ConfigFilePath: D:\Urge_PC\Documents\My_Doc\Docker-and-Kubernet-Learning\CI-CD-project\actions-runner\.runner
[2026-09-04 13:43:29Z INFO HostContext] Well known directory 'Bin': 'D:\Urge_PC\Documents\My_Doc\Docker-and-Kubernet-Learning\CI-CD-project\actions-runner\bin'
[2026-09-04 13:43:29Z INFO HostContext] Well known directory 'Root': 'D:\Urge_PC\Documents\My_Doc\Docker-and-Kubernet-Learning\CI-CD-project\actions-runner'
[2026-09-04 13:43:29Z INFO HostContext] Well known config file 'MigratedRunner': 'D:\Urge_PC\Documents\My_Doc\Docker-and-Kubernet-Learning\CI-CD-project\actions-runner\.runner_migrated'
[2026-09-04 13:43:29Z INFO ConfigurationStore] MigratedConfigFilePath: D:\Urge_PC\Documents\My_Doc\Docker-and-Kubernet-Learning\CI-CD-project\actions-runner\.runner_migrated
[2026-09-04 13:43:29Z INFO HostContext] Well known directory 'Bin': 'D:\Urge_PC\Documents\My_Doc\Docker-and-Kubernet-Learning\CI-CD-project\actions-runner\bin'
[2026-09-04 13:43:29Z INFO HostContext] Well known directory 'Root': 'D:\Urge_PC\Documents\My_Doc\Docker-and-Kubernet-Learning\CI-CD-project\actions-runner'
[2026-09-04 13:43:29Z INFO HostContext] Well known config file 'Credentials': 'D:\Urge_PC\Documents\My_Doc\Docker-and-Kubernet-Learning\CI-CD-project\actions-runner\.credentials'
[2026-09-04 13:43:29Z INFO ConfigurationStore] CredFilePath: D:\Urge_PC\Documents\My_Doc\Docker-and-Kubernet-Learning\CI-CD-project\actions-runner\.credentials
[2026-09-04 13:43:29Z INFO HostContext] Well known directory 'Bin': 'D:\Urge_PC\Documents\My_Doc\Docker-and-Kubernet-Learning\CI-CD-project\actions-runner\bin'
[2026-09-04 13:43:29Z INFO HostContext] Well known directory 'Root': 'D:\Urge_PC\Documents\My_Doc\Docker-and-Kubernet-Learning\CI-CD-project\actions-runner'
[2026-09-04 13:43:29Z INFO HostContext] Well known config file 'MigratedCredentials': 'D:\Urge_PC\Documents\My_Doc\Docker-and-Kubernet-Learning\CI-CD-project\actions-runner\.credentials_migrated'
[2026-09-04 13:43:29Z INFO ConfigurationStore] MigratedCredFilePath: D:\Urge_PC\Documents\My_Doc\Docker-and-Kubernet-Learning\CI-CD-project\actions-runner\.credentials_migrated
[2026-09-04 13:43:29Z INFO HostContext] Well known directory 'Bin': 'D:\Urge_PC\Documents\My_Doc\Docker-and-Kubernet-Learning\CI-CD-project\actions-runner\bin'
[2026-09-04 13:43:29Z INFO HostContext] Well known directory 'Root': 'D:\Urge_PC\Documents\My_Doc\Docker-and-Kubernet-Learning\CI-CD-project\actions-runner'
[2026-09-04 13:43:29Z INFO HostContext] Well known config file 'Service': 'D:\Urge_PC\Documents\My_Doc\Docker-and-Kubernet-Learning\CI-CD-project\actions-runner\.service'
[2026-09-04 13:43:29Z INFO ConfigurationStore] ServiceConfigFilePath: D:\Urge_PC\Documents\My_Doc\Docker-and-Kubernet-Learning\CI-CD-project\actions-runner\.service
[2026-09-04 13:43:29Z INFO CommandSettings] Flag 'help': 'False'
[2026-09-04 13:43:29Z INFO CommandSettings] Flag 'version': 'False'
[2026-09-04 13:43:29Z INFO CommandSettings] Flag 'commit': 'False'
[2026-09-04 13:43:29Z INFO CommandSettings] Flag 'check': 'False'
[2026-09-04 13:43:29Z INFO CommandSettings] Command 'configure': 'True'
[2026-09-04 13:43:29Z INFO Terminal] WRITE LINE: 
[2026-09-04 13:43:29Z INFO Terminal] WRITE LINE: --------------------------------------------------------------------------------
[2026-09-04 13:43:29Z INFO Terminal] WRITE LINE: |        ____ _ _   _   _       _          _        _   _                      |
[2026-09-04 13:43:29Z INFO Terminal] WRITE LINE: |       / ___(_) |_| | | |_   _| |__      / \   ___| |_(_) ___  _ __  ___      |
[2026-09-04 13:43:29Z INFO Terminal] WRITE LINE: |      | |  _| | __| |_| | | | | '_ \    / _ \ / __| __| |/ _ \| '_ \/ __|     |
[2026-09-04 13:43:29Z INFO Terminal] WRITE LINE: |      | |_| | | |_|  _  | |_| | |_) |  / ___ \ (__| |_| | (_) | | | \__ \     |
[2026-09-04 13:43:29Z INFO Terminal] WRITE LINE: |       \____|_|\__|_| |_|\__,_|_.__/  /_/   \_\___|\__|_|\___/|_| |_|___/     |
[2026-09-04 13:43:29Z INFO Terminal] WRITE LINE: |                                                                              |
[2026-09-04 13:43:29Z INFO Terminal] WRITE: |                       
[2026-09-04 13:43:29Z INFO Terminal] WRITE: Self-hosted runner registration
[2026-09-04 13:43:29Z INFO Terminal] WRITE LINE:                         |
[2026-09-04 13:43:29Z INFO Terminal] WRITE LINE: |                                                                              |
[2026-09-04 13:43:29Z INFO Terminal] WRITE LINE: --------------------------------------------------------------------------------
[2026-09-04 13:43:29Z INFO ConfigurationManager] ConfigureAsync
[2026-09-04 13:43:29Z INFO CommandSettings] Flag 'generateServiceConfig': 'False'
[2026-09-04 13:43:29Z INFO ConfigurationStore] IsConfigured()
[2026-09-04 13:43:29Z INFO ConfigurationStore] IsConfigured: False
[2026-09-04 13:43:29Z INFO ConfigurationManager] Is configured: False
[2026-09-04 13:43:29Z INFO CommandSettings] Arg 'url': 'https://github.com/urgew/urge-git-project'
[2026-09-04 13:43:29Z INFO CommandSettings] Remove url from Arg dictionary.
[2026-09-04 13:43:29Z INFO CommandSettings] Arg 'token': '***'
[2026-09-04 13:43:29Z INFO CommandSettings] Remove token from Arg dictionary.
[2026-09-04 13:43:30Z INFO ConfigurationManager] Http response code: OK from 'POST https://api.github.com/actions/runner-registration' (6E20:165B21:14FCCDE:143F61A:6A9ACB19)
[2026-09-04 13:43:30Z INFO ConfigurationManager] Using runner-admin flow: False
[2026-09-04 13:43:30Z INFO ConfigurationManager] cred retrieved via GitHub auth
[2026-09-04 13:43:30Z INFO RunnerServer] EstablishVssConnection
[2026-09-04 13:43:30Z INFO RunnerServer] Establish connection with 100 seconds timeout.
[2026-09-04 13:43:30Z INFO GitHubActionsService] Starting operation Location.GetConnectionData
[2026-09-04 13:43:30Z INFO RunnerServer] EstablishVssConnection
[2026-09-04 13:43:30Z INFO RunnerServer] Establish connection with 60 seconds timeout.
[2026-09-04 13:43:30Z INFO GitHubActionsService] Starting operation Location.GetConnectionData
[2026-09-04 13:43:30Z INFO RunnerServer] EstablishVssConnection
[2026-09-04 13:43:30Z INFO RunnerServer] Establish connection with 60 seconds timeout.
[2026-09-04 13:43:30Z INFO GitHubActionsService] Starting operation Location.GetConnectionData
[2026-09-04 13:43:30Z INFO GitHubActionsService] Finished operation Location.GetConnectionData
[2026-09-04 13:43:30Z INFO GitHubActionsService] Finished operation Location.GetConnectionData
[2026-09-04 13:43:30Z INFO GitHubActionsService] Finished operation Location.GetConnectionData
[2026-09-04 13:43:31Z INFO Terminal] WRITE LINE: 
[2026-09-04 13:43:31Z INFO ConfigurationManager] Test Connection complete.
[2026-09-04 13:43:31Z INFO HostContext] Well known directory 'Bin': 'D:\Urge_PC\Documents\My_Doc\Docker-and-Kubernet-Learning\CI-CD-project\actions-runner\bin'
[2026-09-04 13:43:31Z INFO HostContext] Well known directory 'Root': 'D:\Urge_PC\Documents\My_Doc\Docker-and-Kubernet-Learning\CI-CD-project\actions-runner'
[2026-09-04 13:43:31Z INFO HostContext] Well known config file 'RSACredentials': 'D:\Urge_PC\Documents\My_Doc\Docker-and-Kubernet-Learning\CI-CD-project\actions-runner\.credentials_rsaparams'
[2026-09-04 13:43:31Z INFO RSAEncryptedFileKeyManager] Creating new RSA key using 2048-bit key length
[2026-09-04 13:43:31Z INFO RSAEncryptedFileKeyManager] Successfully saved RSA key parameters to file D:\Urge_PC\Documents\My_Doc\Docker-and-Kubernet-Learning\CI-CD-project\actions-runner\.credentials_rsaparams
[2026-09-04 13:43:31Z INFO CommandSettings] Arg 'runnergroup': ''
[2026-09-04 13:43:31Z INFO CommandSettings] Flag 'unattended': 'False'
[2026-09-04 13:43:31Z INFO PromptManager] ReadValue
[2026-09-04 13:43:31Z INFO Terminal] WRITE: Enter the name of the runner group to add this runner to: 
[2026-09-04 13:43:31Z INFO Terminal] WRITE: [press Enter for Default] 
[2026-09-04 13:43:31Z INFO Terminal] READ LINE
[2026-09-04 13:43:33Z INFO Terminal] Read value: ''
[2026-09-04 13:43:33Z INFO PromptManager] Falling back to the default: 'Default'
[2026-09-04 13:43:33Z INFO Terminal] WRITE LINE: 
[2026-09-04 13:43:33Z INFO ConfigurationManager] Found a self-hosted runner group with id 1 and name Default
[2026-09-04 13:43:33Z INFO CommandSettings] Flag 'disableupdate': 'False'
[2026-09-04 13:43:33Z INFO CommandSettings] Flag 'ephemeral': 'False'
[2026-09-04 13:43:33Z INFO CommandSettings] Arg 'name': ''
[2026-09-04 13:43:33Z INFO CommandSettings] Flag 'unattended': 'False'
[2026-09-04 13:43:33Z INFO PromptManager] ReadValue
[2026-09-04 13:43:33Z INFO Terminal] WRITE: Enter the name of runner: 
[2026-09-04 13:43:33Z INFO Terminal] WRITE: [press Enter for INF-CLP-05] 
[2026-09-04 13:43:33Z INFO Terminal] READ LINE
[2026-09-04 13:43:36Z INFO Terminal] Read value: ''
[2026-09-04 13:43:36Z INFO PromptManager] Falling back to the default: 'INF-CLP-05'
[2026-09-04 13:43:36Z INFO Terminal] WRITE LINE: 
[2026-09-04 13:43:36Z INFO CommandSettings] Arg 'labels': ''
[2026-09-04 13:43:36Z INFO CommandSettings] Flag 'unattended': 'False'
[2026-09-04 13:43:36Z INFO PromptManager] ReadValue
[2026-09-04 13:43:36Z INFO Terminal] WRITE: This runner will have the following labels: 'self-hosted', 'Windows', 'X64' 
Enter any additional labels (ex. label-1,label-2): 
[2026-09-04 13:43:36Z INFO Terminal] WRITE: [press Enter to skip] 
[2026-09-04 13:43:36Z INFO Terminal] READ LINE
[2026-09-04 13:43:45Z INFO Terminal] Read value: 'self-hosted'
[2026-09-04 13:43:45Z INFO Terminal] WRITE LINE: 
[2026-09-04 13:43:45Z INFO CommandSettings] Flag 'disableupdate': 'False'
[2026-09-04 13:43:45Z INFO CommandSettings] Flag 'no-default-labels': 'False'
[2026-09-04 13:43:46Z INFO CommandSettings] Flag 'disableupdate': 'False'
[2026-09-04 13:43:46Z INFO CommandSettings] Flag 'ephemeral': 'False'
[2026-09-04 13:43:46Z INFO ConfigurationStore] Saving OAuth credential @ D:\Urge_PC\Documents\My_Doc\Docker-and-Kubernet-Learning\CI-CD-project\actions-runner\.credentials
[2026-09-04 13:43:46Z INFO ConfigurationStore] Credentials Saved.
[2026-09-04 13:43:46Z INFO ConfigurationManager] Service enforced serverUrlV2: https://broker.actions.githubusercontent.com/
[2026-09-04 13:43:46Z INFO ConfigurationManager] Service enforced useV2Flow: True
[2026-09-04 13:43:46Z INFO CommandSettings] Arg 'work': ''
[2026-09-04 13:43:46Z INFO CommandSettings] Flag 'unattended': 'False'
[2026-09-04 13:43:46Z INFO PromptManager] ReadValue
[2026-09-04 13:43:46Z INFO Terminal] WRITE: Enter name of work folder: 
[2026-09-04 13:43:46Z INFO Terminal] WRITE: [press Enter for _work] 
[2026-09-04 13:43:46Z INFO Terminal] READ LINE
[2026-09-04 13:43:50Z INFO Terminal] Read value: ''
[2026-09-04 13:43:50Z INFO PromptManager] Falling back to the default: '_work'
[2026-09-04 13:43:50Z INFO ConfigurationStore] Saving runner settings.
[2026-09-04 13:43:50Z INFO ConfigurationStore] Settings Saved.
[2026-09-04 13:43:50Z INFO Terminal] WRITE LINE: 
[2026-09-04 13:43:50Z INFO Terminal] WRITE LINE: 
[2026-09-04 13:43:50Z INFO CommandSettings] Flag 'runasservice': 'False'
[2026-09-04 13:43:50Z INFO CommandSettings] Flag 'unattended': 'False'
[2026-09-04 13:43:50Z INFO PromptManager] ReadValue
[2026-09-04 13:43:50Z INFO Terminal] WRITE: Would you like to run the runner as service? (Y/N) 
[2026-09-04 13:43:50Z INFO Terminal] WRITE: [press Enter for N] 
[2026-09-04 13:43:50Z INFO Terminal] READ LINE
[2026-09-04 13:43:54Z INFO Terminal] Read value: 'Y'
[2026-09-04 13:43:54Z INFO ConfigurationManager] Configuring to run the agent as service
[2026-09-04 13:43:54Z INFO CommandSettings] Arg 'windowslogonaccount': ''
[2026-09-04 13:43:54Z INFO CommandSettings] Flag 'unattended': 'False'
[2026-09-04 13:43:54Z INFO PromptManager] ReadValue
[2026-09-04 13:43:54Z INFO Terminal] WRITE: User account to use for the service 
[2026-09-04 13:43:54Z INFO Terminal] WRITE: [press Enter for NT AUTHORITY\NETWORK SERVICE] 
[2026-09-04 13:43:54Z INFO Terminal] READ LINE
[2026-09-04 13:44:00Z INFO Terminal] Read value: 'urgew'
[2026-09-04 13:44:00Z INFO WindowsServiceControlManager] LogonAccount after transforming: INF-CLP-05\urgew, user: urgew, domain: INF-CLP-05
[2026-09-04 13:44:00Z ERR  Runner] System.Security.Principal.IdentityNotMappedException: Some or all identity references could not be translated.
   at System.Security.Principal.NTAccount.Translate(IdentityReferenceCollection sourceAccounts, Type targetType, Boolean forceSuccess)
   at System.Security.Principal.NTAccount.Translate(Type targetType)
   at GitHub.Runner.Listener.Configuration.NativeWindowsServiceHelper.IsWellKnownIdentity(String accountName)
   at GitHub.Runner.Listener.Configuration.WindowsServiceControlManager.ConfigureService(RunnerSettings settings, CommandSettings command)
   at GitHub.Runner.Listener.Configuration.ConfigurationManager.ConfigureAsync(CommandSettings command)
   at GitHub.Runner.Listener.Runner.ExecuteCommand(CommandSettings command)
[2026-09-04 13:44:00Z ERR  Terminal] WRITE ERROR: Some or all identity references could not be translated.
[2026-09-04 13:44:00Z INFO Listener] Runner execution has finished with return code 1
