[2026-09-04 13:36:18Z INFO HostContext] No proxy settings were found based on environmental variables (http_proxy/https_proxy/HTTP_PROXY/HTTPS_PROXY)
[2026-09-04 13:36:18Z INFO HostContext] Well known directory 'Bin': 'D:\Urge_PC\Documents\My_Doc\Docker-and-Kubernet-Learning\CI-CD-project\actions-runner\bin'
[2026-09-04 13:36:18Z INFO HostContext] Well known directory 'Root': 'D:\Urge_PC\Documents\My_Doc\Docker-and-Kubernet-Learning\CI-CD-project\actions-runner'
[2026-09-04 13:36:18Z INFO HostContext] Well known config file 'Credentials': 'D:\Urge_PC\Documents\My_Doc\Docker-and-Kubernet-Learning\CI-CD-project\actions-runner\.credentials'
[2026-09-04 13:36:18Z INFO HostContext] Well known directory 'Bin': 'D:\Urge_PC\Documents\My_Doc\Docker-and-Kubernet-Learning\CI-CD-project\actions-runner\bin'
[2026-09-04 13:36:18Z INFO HostContext] Well known directory 'Root': 'D:\Urge_PC\Documents\My_Doc\Docker-and-Kubernet-Learning\CI-CD-project\actions-runner'
[2026-09-04 13:36:18Z INFO HostContext] Well known config file 'Runner': 'D:\Urge_PC\Documents\My_Doc\Docker-and-Kubernet-Learning\CI-CD-project\actions-runner\.runner'
[2026-09-04 13:36:18Z INFO Listener] Runner is built for Windows (X64) - win-x64.
[2026-09-04 13:36:18Z INFO Listener] RuntimeInformation: Microsoft Windows 10.0.21996.
[2026-09-04 13:36:18Z INFO Listener] Version: 2.337.0
[2026-09-04 13:36:18Z INFO Listener] Commit: 397b032cbf865e9c3ddfab89d533ec19325e1273
[2026-09-04 13:36:18Z INFO Listener] Culture: en-US
[2026-09-04 13:36:18Z INFO Listener] UI Culture: en-US
[2026-09-04 13:36:18Z INFO HostContext] Well known directory 'Bin': 'D:\Urge_PC\Documents\My_Doc\Docker-and-Kubernet-Learning\CI-CD-project\actions-runner\bin'
[2026-09-04 13:36:18Z INFO HostContext] Well known directory 'Root': 'D:\Urge_PC\Documents\My_Doc\Docker-and-Kubernet-Learning\CI-CD-project\actions-runner'
[2026-09-04 13:36:18Z INFO Listener] Validating directory permissions for: 'D:\Urge_PC\Documents\My_Doc\Docker-and-Kubernet-Learning\CI-CD-project\actions-runner'
[2026-09-04 13:36:18Z INFO CommandLineParser] Parse
[2026-09-04 13:36:18Z INFO CommandLineParser] Parsing 1 args
[2026-09-04 13:36:18Z INFO CommandLineParser] parsing argument
[2026-09-04 13:36:18Z INFO CommandLineParser] HasArgs: False
[2026-09-04 13:36:18Z INFO CommandLineParser] Adding Command: run
[2026-09-04 13:36:18Z INFO Listener] Arguments parsed
[2026-09-04 13:36:18Z INFO Runner] ExecuteCommand
[2026-09-04 13:36:18Z INFO ConfigurationStore] currentAssemblyLocation: D:\Urge_PC\Documents\My_Doc\Docker-and-Kubernet-Learning\CI-CD-project\actions-runner\bin\Runner.Listener.dll
[2026-09-04 13:36:18Z INFO HostContext] Well known directory 'Bin': 'D:\Urge_PC\Documents\My_Doc\Docker-and-Kubernet-Learning\CI-CD-project\actions-runner\bin'
[2026-09-04 13:36:18Z INFO ConfigurationStore] binPath: D:\Urge_PC\Documents\My_Doc\Docker-and-Kubernet-Learning\CI-CD-project\actions-runner\bin
[2026-09-04 13:36:18Z INFO HostContext] Well known directory 'Bin': 'D:\Urge_PC\Documents\My_Doc\Docker-and-Kubernet-Learning\CI-CD-project\actions-runner\bin'
[2026-09-04 13:36:18Z INFO HostContext] Well known directory 'Root': 'D:\Urge_PC\Documents\My_Doc\Docker-and-Kubernet-Learning\CI-CD-project\actions-runner'
[2026-09-04 13:36:18Z INFO ConfigurationStore] RootFolder: D:\Urge_PC\Documents\My_Doc\Docker-and-Kubernet-Learning\CI-CD-project\actions-runner
[2026-09-04 13:36:18Z INFO HostContext] Well known directory 'Bin': 'D:\Urge_PC\Documents\My_Doc\Docker-and-Kubernet-Learning\CI-CD-project\actions-runner\bin'
[2026-09-04 13:36:18Z INFO HostContext] Well known directory 'Root': 'D:\Urge_PC\Documents\My_Doc\Docker-and-Kubernet-Learning\CI-CD-project\actions-runner'
[2026-09-04 13:36:18Z INFO HostContext] Well known config file 'Runner': 'D:\Urge_PC\Documents\My_Doc\Docker-and-Kubernet-Learning\CI-CD-project\actions-runner\.runner'
[2026-09-04 13:36:18Z INFO ConfigurationStore] ConfigFilePath: D:\Urge_PC\Documents\My_Doc\Docker-and-Kubernet-Learning\CI-CD-project\actions-runner\.runner
[2026-09-04 13:36:18Z INFO HostContext] Well known directory 'Bin': 'D:\Urge_PC\Documents\My_Doc\Docker-and-Kubernet-Learning\CI-CD-project\actions-runner\bin'
[2026-09-04 13:36:18Z INFO HostContext] Well known directory 'Root': 'D:\Urge_PC\Documents\My_Doc\Docker-and-Kubernet-Learning\CI-CD-project\actions-runner'
[2026-09-04 13:36:18Z INFO HostContext] Well known config file 'MigratedRunner': 'D:\Urge_PC\Documents\My_Doc\Docker-and-Kubernet-Learning\CI-CD-project\actions-runner\.runner_migrated'
[2026-09-04 13:36:18Z INFO ConfigurationStore] MigratedConfigFilePath: D:\Urge_PC\Documents\My_Doc\Docker-and-Kubernet-Learning\CI-CD-project\actions-runner\.runner_migrated
[2026-09-04 13:36:18Z INFO HostContext] Well known directory 'Bin': 'D:\Urge_PC\Documents\My_Doc\Docker-and-Kubernet-Learning\CI-CD-project\actions-runner\bin'
[2026-09-04 13:36:18Z INFO HostContext] Well known directory 'Root': 'D:\Urge_PC\Documents\My_Doc\Docker-and-Kubernet-Learning\CI-CD-project\actions-runner'
[2026-09-04 13:36:18Z INFO HostContext] Well known config file 'Credentials': 'D:\Urge_PC\Documents\My_Doc\Docker-and-Kubernet-Learning\CI-CD-project\actions-runner\.credentials'
[2026-09-04 13:36:18Z INFO ConfigurationStore] CredFilePath: D:\Urge_PC\Documents\My_Doc\Docker-and-Kubernet-Learning\CI-CD-project\actions-runner\.credentials
[2026-09-04 13:36:18Z INFO HostContext] Well known directory 'Bin': 'D:\Urge_PC\Documents\My_Doc\Docker-and-Kubernet-Learning\CI-CD-project\actions-runner\bin'
[2026-09-04 13:36:18Z INFO HostContext] Well known directory 'Root': 'D:\Urge_PC\Documents\My_Doc\Docker-and-Kubernet-Learning\CI-CD-project\actions-runner'
[2026-09-04 13:36:18Z INFO HostContext] Well known config file 'MigratedCredentials': 'D:\Urge_PC\Documents\My_Doc\Docker-and-Kubernet-Learning\CI-CD-project\actions-runner\.credentials_migrated'
[2026-09-04 13:36:18Z INFO ConfigurationStore] MigratedCredFilePath: D:\Urge_PC\Documents\My_Doc\Docker-and-Kubernet-Learning\CI-CD-project\actions-runner\.credentials_migrated
[2026-09-04 13:36:18Z INFO HostContext] Well known directory 'Bin': 'D:\Urge_PC\Documents\My_Doc\Docker-and-Kubernet-Learning\CI-CD-project\actions-runner\bin'
[2026-09-04 13:36:18Z INFO HostContext] Well known directory 'Root': 'D:\Urge_PC\Documents\My_Doc\Docker-and-Kubernet-Learning\CI-CD-project\actions-runner'
[2026-09-04 13:36:18Z INFO HostContext] Well known config file 'Service': 'D:\Urge_PC\Documents\My_Doc\Docker-and-Kubernet-Learning\CI-CD-project\actions-runner\.service'
[2026-09-04 13:36:18Z INFO ConfigurationStore] ServiceConfigFilePath: D:\Urge_PC\Documents\My_Doc\Docker-and-Kubernet-Learning\CI-CD-project\actions-runner\.service
[2026-09-04 13:36:18Z INFO CommandSettings] Flag 'help': 'False'
[2026-09-04 13:36:18Z INFO CommandSettings] Flag 'version': 'False'
[2026-09-04 13:36:18Z INFO CommandSettings] Flag 'commit': 'False'
[2026-09-04 13:36:18Z INFO CommandSettings] Flag 'check': 'False'
[2026-09-04 13:36:18Z INFO CommandSettings] Command 'configure': 'False'
[2026-09-04 13:36:18Z INFO CommandSettings] Command 'remove': 'False'
[2026-09-04 13:36:18Z INFO CommandSettings] Command 'warmup': 'False'
[2026-09-04 13:36:18Z INFO ConfigurationManager] LoadSettings
[2026-09-04 13:36:18Z INFO ConfigurationStore] IsConfigured()
[2026-09-04 13:36:18Z INFO ConfigurationStore] IsConfigured: True
[2026-09-04 13:36:18Z INFO ConfigurationManager] Is configured: True
[2026-09-04 13:36:18Z INFO ConfigurationStore] Read setting file: 397 chars
[2026-09-04 13:36:18Z INFO ConfigurationManager] Settings Loaded
[2026-09-04 13:36:18Z INFO ConfigurationStore] IsServiceConfigured()
[2026-09-04 13:36:18Z INFO ConfigurationStore] IsServiceConfigured: False
[2026-09-04 13:36:18Z INFO CommandSettings] Command 'run': 'True'
[2026-09-04 13:36:18Z INFO ConfigurationStore] IsConfigured()
[2026-09-04 13:36:18Z INFO ConfigurationStore] IsConfigured: True
[2026-09-04 13:36:18Z INFO ConfigurationManager] Is configured: True
[2026-09-04 13:36:18Z INFO Runner] Could not parse the argument value '' for StartupType. Defaulting to Manual
[2026-09-04 13:36:18Z INFO Runner] Set runner startup type - Manual
[2026-09-04 13:36:18Z INFO CommandSettings] Flag 'once': 'False'
[2026-09-04 13:36:18Z INFO CommandSettings] Flag 'once': 'False'
[2026-09-04 13:36:18Z INFO Runner] RunAsync
[2026-09-04 13:36:18Z INFO HostContext] Well known directory 'Bin': 'D:\Urge_PC\Documents\My_Doc\Docker-and-Kubernet-Learning\CI-CD-project\actions-runner\bin'
[2026-09-04 13:36:18Z INFO HostContext] Well known directory 'Root': 'D:\Urge_PC\Documents\My_Doc\Docker-and-Kubernet-Learning\CI-CD-project\actions-runner'
[2026-09-04 13:36:18Z INFO HostContext] Well known directory 'Work': 'D:\Urge_PC\Documents\My_Doc\Docker-and-Kubernet-Learning\CI-CD-project\actions-runner\_work'
[2026-09-04 13:36:18Z INFO Runner] Validating directory permissions for: 'D:\Urge_PC\Documents\My_Doc\Docker-and-Kubernet-Learning\CI-CD-project\actions-runner\_work'
[2026-09-04 13:36:18Z INFO ConfigurationManager] LoadMigratedSettings
[2026-09-04 13:36:18Z INFO ConfigurationStore] IsMigratedConfigured()
[2026-09-04 13:36:18Z INFO ConfigurationStore] IsMigratedConfigured: False
[2026-09-04 13:36:18Z INFO Runner] Failed to load migrated settings: No migrated configuration found.
[2026-09-04 13:36:18Z INFO Runner] Falling back to original .runner settings
[2026-09-04 13:36:18Z INFO Runner] Using BrokerMessageListener
[2026-09-04 13:36:18Z INFO BrokerMessageListener] Using provided settings
[2026-09-04 13:36:18Z INFO BrokerMessageListener] {
  "AgentId": 21,
  "AgentName": "INF-CLP-05",
  "PoolId": 1,
  "PoolName": "Default",
  "ServerUrl": "https://pipelinesghubeus14.actions.githubusercontent.com/MThrQJkAvuDgtDruZ5XzhBZYnowl3dz8XrkQDXrANdgnoPw4u4/",
  "GitHubUrl": "https://github.com/urgew/urge-git-project",
  "WorkFolder": "_work",
  "UseV2Flow": true,
  "ServerUrlV2": "https://broker.actions.githubusercontent.com/"
}
[2026-09-04 13:36:18Z INFO BrokerMessageListener] Loading Credentials
[2026-09-04 13:36:18Z INFO ConfigurationStore] HasCredentials()
[2026-09-04 13:36:18Z INFO ConfigurationStore] stored True
[2026-09-04 13:36:18Z INFO CredentialManager] GetCredentialProvider
[2026-09-04 13:36:18Z INFO CredentialManager] Creating type OAuth
[2026-09-04 13:36:18Z INFO CredentialManager] Creating credential type: OAuth
[2026-09-04 13:36:18Z INFO HostContext] Well known directory 'Bin': 'D:\Urge_PC\Documents\My_Doc\Docker-and-Kubernet-Learning\CI-CD-project\actions-runner\bin'
[2026-09-04 13:36:18Z INFO HostContext] Well known directory 'Root': 'D:\Urge_PC\Documents\My_Doc\Docker-and-Kubernet-Learning\CI-CD-project\actions-runner'
[2026-09-04 13:36:18Z INFO HostContext] Well known config file 'RSACredentials': 'D:\Urge_PC\Documents\My_Doc\Docker-and-Kubernet-Learning\CI-CD-project\actions-runner\.credentials_rsaparams'
[2026-09-04 13:36:18Z INFO RSAEncryptedFileKeyManager] Loading RSA key parameters from file D:\Urge_PC\Documents\My_Doc\Docker-and-Kubernet-Learning\CI-CD-project\actions-runner\.credentials_rsaparams
[2026-09-04 13:36:18Z INFO BrokerMessageListener] Attempt to create session.
[2026-09-04 13:36:18Z INFO BrokerMessageListener] Connecting to the Broker Server...
[2026-09-04 13:36:18Z INFO ConfigurationStore] HasCredentials()
[2026-09-04 13:36:18Z INFO ConfigurationStore] stored True
[2026-09-04 13:36:18Z INFO CredentialManager] GetCredentialProvider
[2026-09-04 13:36:18Z INFO CredentialManager] Creating type OAuth
[2026-09-04 13:36:18Z INFO CredentialManager] Creating credential type: OAuth
[2026-09-04 13:36:18Z INFO RSAEncryptedFileKeyManager] Loading RSA key parameters from file D:\Urge_PC\Documents\My_Doc\Docker-and-Kubernet-Learning\CI-CD-project\actions-runner\.credentials_rsaparams
[2026-09-04 13:36:18Z INFO BrokerMessageListener] VssConnection created
[2026-09-04 13:36:18Z INFO BrokerMessageListener] Connecting to the Runner server...
[2026-09-04 13:36:18Z INFO RunnerServer] EstablishVssConnection
[2026-09-04 13:36:18Z INFO RunnerServer] Establish connection with 100 seconds timeout.
[2026-09-04 13:36:18Z INFO GitHubActionsService] Starting operation Location.GetConnectionData
[2026-09-04 13:36:18Z INFO RunnerServer] EstablishVssConnection
[2026-09-04 13:36:18Z INFO RunnerServer] Establish connection with 60 seconds timeout.
[2026-09-04 13:36:18Z INFO GitHubActionsService] Starting operation Location.GetConnectionData
[2026-09-04 13:36:18Z INFO RunnerServer] EstablishVssConnection
[2026-09-04 13:36:18Z INFO RunnerServer] Establish connection with 60 seconds timeout.
[2026-09-04 13:36:18Z INFO GitHubActionsService] Starting operation Location.GetConnectionData
[2026-09-04 13:36:19Z INFO GitHubActionsService] Finished operation Location.GetConnectionData
[2026-09-04 13:36:19Z INFO GitHubActionsService] Finished operation Location.GetConnectionData
[2026-09-04 13:36:19Z INFO GitHubActionsService] Finished operation Location.GetConnectionData
[2026-09-04 13:36:20Z INFO BrokerMessageListener] VssConnection created
[2026-09-04 13:36:20Z INFO Terminal] WRITE LINE: 
[2026-09-04 13:36:20Z INFO Terminal] WRITE LINE: 
[2026-09-04 13:36:20Z INFO RSAEncryptedFileKeyManager] Loading RSA key parameters from file D:\Urge_PC\Documents\My_Doc\Docker-and-Kubernet-Learning\CI-CD-project\actions-runner\.credentials_rsaparams
[2026-09-04 13:36:20Z INFO RSAEncryptedFileKeyManager] Loading RSA key parameters from file D:\Urge_PC\Documents\My_Doc\Docker-and-Kubernet-Learning\CI-CD-project\actions-runner\.credentials_rsaparams
[2026-09-04 13:36:20Z INFO GitHubActionsService] AAD Correlation ID for this token request: Unknown
[2026-09-04 13:36:21Z INFO BrokerMessageListener] Session created.
[2026-09-04 13:36:21Z INFO Terminal] WRITE LINE: Current runner version: '2.337.0'
[2026-09-04 13:36:21Z INFO Terminal] WRITE LINE: 2026-09-04 13:36:21Z: Listening for Jobs
[2026-09-04 13:36:21Z INFO JobDispatcher] Set runner/worker IPC timeout to 30 seconds.
[2026-09-04 13:39:16Z INFO Terminal] WRITE LINE: Exiting...
[2026-09-04 13:39:16Z INFO ConfigurationStore] IsServiceConfigured()
[2026-09-04 13:39:16Z INFO ConfigurationStore] IsServiceConfigured: False
[2026-09-04 13:39:16Z INFO HostContext] Runner will be shutdown for UserCancelled
[2026-09-04 13:39:16Z WARN GitHubActionsService] GET request to https://broker.actions.githubusercontent.com/message?sessionId=2cca49f4-668e-44d2-b90d-027a5f211291&status=Online&runnerVersion=2.337.0&os=Windows&architecture=X64&disableUpdate=false has been cancelled.
[2026-09-04 13:39:16Z ERR  BrokerServer] Catch exception during request
[2026-09-04 13:39:16Z ERR  BrokerServer] System.Threading.Tasks.TaskCanceledException: The operation was canceled.
 ---> System.Threading.Tasks.TaskCanceledException: The operation was canceled.
 ---> System.IO.IOException: Unable to read data from the transport connection: The I/O operation has been aborted because of either a thread exit or an application request..
 ---> System.Net.Sockets.SocketException (995): The I/O operation has been aborted because of either a thread exit or an application request.
   --- End of inner exception stack trace ---
   at System.Net.Sockets.Socket.AwaitableSocketAsyncEventArgs.ThrowException(SocketError error, CancellationToken cancellationToken)
   at System.Net.Sockets.Socket.AwaitableSocketAsyncEventArgs.System.Threading.Tasks.Sources.IValueTaskSource<System.Int32>.GetResult(Int16 token)
   at System.Net.Security.SslStream.EnsureFullTlsFrameAsync[TIOAdapter](CancellationToken cancellationToken, Int32 estimatedSize)
   at System.Runtime.CompilerServices.PoolingAsyncValueTaskMethodBuilder`1.StateMachineBox`1.System.Threading.Tasks.Sources.IValueTaskSource<TResult>.GetResult(Int16 token)
   at System.Net.Security.SslStream.ReadAsyncInternal[TIOAdapter](Memory`1 buffer, CancellationToken cancellationToken)
   at System.Runtime.CompilerServices.PoolingAsyncValueTaskMethodBuilder`1.StateMachineBox`1.System.Threading.Tasks.Sources.IValueTaskSource<TResult>.GetResult(Int16 token)
   at System.Net.Http.HttpConnection.SendAsync(HttpRequestMessage request, Boolean async, CancellationToken cancellationToken)
   --- End of inner exception stack trace ---
   at System.Net.Http.HttpConnection.SendAsync(HttpRequestMessage request, Boolean async, CancellationToken cancellationToken)
   at System.Net.Http.AuthenticationHelper.SendWithNtAuthAsync(HttpRequestMessage request, Uri authUri, Boolean async, ICredentials credentials, Boolean isProxyAuth, HttpConnection connection, HttpConnectionPool connectionPool, CancellationToken cancellationToken)
   at System.Net.Http.HttpConnectionPool.SendWithVersionDetectionAndRetryAsync(HttpRequestMessage request, Boolean async, Boolean doRequestAuth, CancellationToken cancellationToken)
   at System.Net.Http.AuthenticationHelper.SendWithAuthAsync(HttpRequestMessage request, Uri authUri, Boolean async, ICredentials credentials, Boolean preAuthenticate, Boolean isProxyAuth, Boolean doRequestAuth, HttpConnectionPool pool, CancellationToken cancellationToken)
   at System.Net.Http.RedirectHandler.SendAsync(HttpRequestMessage request, Boolean async, CancellationToken cancellationToken)
   at GitHub.Services.Common.RawHttpMessageHandler.SendAsync(HttpRequestMessage request, CancellationToken cancellationToken)
   at GitHub.Services.Common.VssHttpRetryMessageHandler.SendAsync(HttpRequestMessage request, CancellationToken cancellationToken)
   at System.Net.Http.HttpClient.<SendAsync>g__Core|83_0(HttpRequestMessage request, HttpCompletionOption completionOption, CancellationTokenSource cts, Boolean disposeCts, CancellationTokenSource pendingRequestsCts, CancellationToken originalCancellationToken)
   --- End of inner exception stack trace ---
   at System.Net.Http.HttpClient.HandleFailure(Exception e, Boolean telemetryStarted, HttpResponseMessage response, CancellationTokenSource cts, CancellationToken cancellationToken, CancellationTokenSource pendingRequestsCts)
   at System.Net.Http.HttpClient.<SendAsync>g__Core|83_0(HttpRequestMessage request, HttpCompletionOption completionOption, CancellationTokenSource cts, Boolean disposeCts, CancellationTokenSource pendingRequestsCts, CancellationToken originalCancellationToken)
   at Sdk.WebApi.WebApi.RawHttpClientBase.SendAsync(HttpRequestMessage message, HttpCompletionOption completionOption, Object userState, CancellationToken cancellationToken)
   at Sdk.WebApi.WebApi.RawHttpClientBase.SendAsync[T](HttpRequestMessage message, Boolean readErrorBody, Object userState, CancellationToken cancellationToken)
   at Sdk.WebApi.WebApi.RawHttpClientBase.SendAsync[T](HttpMethod method, IEnumerable`1 additionalHeaders, Uri requestUri, HttpContent content, IEnumerable`1 queryParameters, Boolean readErrorBody, Object userState, CancellationToken cancellationToken)
   at GitHub.Actions.RunService.WebApi.BrokerHttpClient.GetRunnerMessageAsync(Nullable`1 sessionId, String runnerVersion, Nullable`1 status, String os, String architecture, Nullable`1 disableUpdate, CancellationToken cancellationToken)
   at GitHub.Runner.Common.BrokerServer.<>c__DisplayClass7_0.<<GetRunnerMessageAsync>b__0>d.MoveNext()
--- End of stack trace from previous location ---
   at GitHub.Runner.Common.RunnerService.RetryRequest[T](Func`1 func, CancellationToken cancellationToken, Int32 maxAttempts, Func`2 shouldRetry)
[2026-09-04 13:39:16Z ERR  BrokerServer] #####################################################
[2026-09-04 13:39:16Z ERR  BrokerServer] System.Threading.Tasks.TaskCanceledException: The operation was canceled.
 ---> System.IO.IOException: Unable to read data from the transport connection: The I/O operation has been aborted because of either a thread exit or an application request..
 ---> System.Net.Sockets.SocketException (995): The I/O operation has been aborted because of either a thread exit or an application request.
   --- End of inner exception stack trace ---
   at System.Net.Sockets.Socket.AwaitableSocketAsyncEventArgs.ThrowException(SocketError error, CancellationToken cancellationToken)
   at System.Net.Sockets.Socket.AwaitableSocketAsyncEventArgs.System.Threading.Tasks.Sources.IValueTaskSource<System.Int32>.GetResult(Int16 token)
   at System.Net.Security.SslStream.EnsureFullTlsFrameAsync[TIOAdapter](CancellationToken cancellationToken, Int32 estimatedSize)
   at System.Runtime.CompilerServices.PoolingAsyncValueTaskMethodBuilder`1.StateMachineBox`1.System.Threading.Tasks.Sources.IValueTaskSource<TResult>.GetResult(Int16 token)
   at System.Net.Security.SslStream.ReadAsyncInternal[TIOAdapter](Memory`1 buffer, CancellationToken cancellationToken)
   at System.Runtime.CompilerServices.PoolingAsyncValueTaskMethodBuilder`1.StateMachineBox`1.System.Threading.Tasks.Sources.IValueTaskSource<TResult>.GetResult(Int16 token)
   at System.Net.Http.HttpConnection.SendAsync(HttpRequestMessage request, Boolean async, CancellationToken cancellationToken)
   --- End of inner exception stack trace ---
   at System.Net.Http.HttpConnection.SendAsync(HttpRequestMessage request, Boolean async, CancellationToken cancellationToken)
   at System.Net.Http.AuthenticationHelper.SendWithNtAuthAsync(HttpRequestMessage request, Uri authUri, Boolean async, ICredentials credentials, Boolean isProxyAuth, HttpConnection connection, HttpConnectionPool connectionPool, CancellationToken cancellationToken)
   at System.Net.Http.HttpConnectionPool.SendWithVersionDetectionAndRetryAsync(HttpRequestMessage request, Boolean async, Boolean doRequestAuth, CancellationToken cancellationToken)
   at System.Net.Http.AuthenticationHelper.SendWithAuthAsync(HttpRequestMessage request, Uri authUri, Boolean async, ICredentials credentials, Boolean preAuthenticate, Boolean isProxyAuth, Boolean doRequestAuth, HttpConnectionPool pool, CancellationToken cancellationToken)
   at System.Net.Http.RedirectHandler.SendAsync(HttpRequestMessage request, Boolean async, CancellationToken cancellationToken)
   at GitHub.Services.Common.RawHttpMessageHandler.SendAsync(HttpRequestMessage request, CancellationToken cancellationToken)
   at GitHub.Services.Common.VssHttpRetryMessageHandler.SendAsync(HttpRequestMessage request, CancellationToken cancellationToken)
   at System.Net.Http.HttpClient.<SendAsync>g__Core|83_0(HttpRequestMessage request, HttpCompletionOption completionOption, CancellationTokenSource cts, Boolean disposeCts, CancellationTokenSource pendingRequestsCts, CancellationToken originalCancellationToken)
[2026-09-04 13:39:16Z ERR  BrokerServer] #####################################################
[2026-09-04 13:39:16Z ERR  BrokerServer] System.IO.IOException: Unable to read data from the transport connection: The I/O operation has been aborted because of either a thread exit or an application request..
 ---> System.Net.Sockets.SocketException (995): The I/O operation has been aborted because of either a thread exit or an application request.
   --- End of inner exception stack trace ---
   at System.Net.Sockets.Socket.AwaitableSocketAsyncEventArgs.ThrowException(SocketError error, CancellationToken cancellationToken)
   at System.Net.Sockets.Socket.AwaitableSocketAsyncEventArgs.System.Threading.Tasks.Sources.IValueTaskSource<System.Int32>.GetResult(Int16 token)
   at System.Net.Security.SslStream.EnsureFullTlsFrameAsync[TIOAdapter](CancellationToken cancellationToken, Int32 estimatedSize)
   at System.Runtime.CompilerServices.PoolingAsyncValueTaskMethodBuilder`1.StateMachineBox`1.System.Threading.Tasks.Sources.IValueTaskSource<TResult>.GetResult(Int16 token)
   at System.Net.Security.SslStream.ReadAsyncInternal[TIOAdapter](Memory`1 buffer, CancellationToken cancellationToken)
   at System.Runtime.CompilerServices.PoolingAsyncValueTaskMethodBuilder`1.StateMachineBox`1.System.Threading.Tasks.Sources.IValueTaskSource<TResult>.GetResult(Int16 token)
   at System.Net.Http.HttpConnection.SendAsync(HttpRequestMessage request, Boolean async, CancellationToken cancellationToken)
[2026-09-04 13:39:16Z ERR  BrokerServer] #####################################################
[2026-09-04 13:39:16Z ERR  BrokerServer] System.Net.Sockets.SocketException (995): The I/O operation has been aborted because of either a thread exit or an application request.
[2026-09-04 13:39:16Z WARN BrokerServer] Back off 10.441 seconds before next retry. 4 attempt left.
[2026-09-04 13:39:16Z INFO BrokerMessageListener] Get next message has been cancelled.
[2026-09-04 13:39:16Z INFO JobDispatcher] Shutting down JobDispatcher. Make sure all WorkerDispatcher has finished.
[2026-09-04 13:39:16Z INFO Runner] Deleting Runner Session...
[2026-09-04 13:39:17Z INFO Listener] Runner execution been cancelled.
